<html>
    <h1>test-name</h1>
    <ul>
        <li>keyA: valueA</li>
        <li>keyB: valueB</li>
    </ul>
</html>
